[36mvite v7.3.1 [32mbuilding client environment for production...[36m[39m
transforming...
[32mΓ£ô[39m 196 modules transformed.
node.exe : [31mΓ£ù[39m Build 
failed in 4.25s
At C:\Program 
Files\nodejs\npx.ps1:29 char:3
+   & $NODE_EXE $NPX_CLI_JS $args
+   ~~~~~~~~~~~~~~~~~~~~~~~~~~~~~
    + CategoryInfo          : NotSpe 
   cified: ([31mΓ£ù[39m Build fai  
  led in 4.25s:String) [], RemoteE   
 xception
    + FullyQualifiedErrorId : Native 
   CommandError
 
[31merror during build:
[31msrc/components/HotelGuestReviews
.jsx (5:9): "AuthContext" is not 
exported by 
"src/context/AuthContext.jsx", 
imported by "src/components/HotelGues
tReviews.jsx".[31m
file: [36mE:/Global Trends/Travel We
b/client/src/components/HotelGuestRev
iews.jsx:5:9[31m
[33m
3: import { FaStar, FaRegStar, 
FaCheckCircle, FaThumbsUp, 
FaThumbsDown } from "react-icons/fa";
4: import { getHotelReviews, 
addHotelReview } from 
"../api/hotels";
5: import { AuthContext } from 
"../context/AuthContext";
            ^
6: 
7: /* ΓöÇΓöÇ Star Rating (clickable 
or static) ΓöÇΓöÇ */
[31m
    at getRollupError (file:///E:/Glo
bal%20Trends/Travel%20Web/client/node
_modules/rollup/dist/es/shared/parseA
st.js:402:41)
    at error (file:///E:/Global%20Tre
nds/Travel%20Web/client/node_modules/
rollup/dist/es/shared/parseAst.js:398
:42)
    at Module.error (file:///E:/Globa
l%20Trends/Travel%20Web/client/node_m
odules/rollup/dist/es/shared/node-ent
ry.js:17040:16)
    at Module.traceVariable (file:///
E:/Global%20Trends/Travel%20Web/clien
t/node_modules/rollup/dist/es/shared/
node-entry.js:17452:29)
    at ModuleScope.findVariable (file
:///E:/Global%20Trends/Travel%20Web/c
lient/node_modules/rollup/dist/es/sha
red/node-entry.js:15070:39)
    at ReturnValueScope.findVariable 
(file:///E:/Global%20Trends/Travel%20
Web/client/node_modules/rollup/dist/e
s/shared/node-entry.js:5673:38)
    at 
FunctionBodyScope.findVariable (file:
///E:/Global%20Trends/Travel%20Web/cl
ient/node_modules/rollup/dist/es/shar
ed/node-entry.js:5673:38)
    at Identifier.bind (file:///E:/Gl
obal%20Trends/Travel%20Web/client/nod
e_modules/rollup/dist/es/shared/node-
entry.js:5447:40)
    at CallExpression.bind (file:///E
:/Global%20Trends/Travel%20Web/client
/node_modules/rollup/dist/es/shared/n
ode-entry.js:2825:28)
    at CallExpression.bind (file:///E
:/Global%20Trends/Travel%20Web/client
/node_modules/rollup/dist/es/shared/n
ode-entry.js:12179:15)[39m
